// Jest Snapshot v1, https://goo.gl/fbAQLP

exports[`PageHeader should match snapshot 1`] = `"<div class=\\"sc-bdvvaa jWEALH\\">Logo + Id</div>"`;

exports[`PageHeader should match snapshot: "<div>Logo + Id</div>" 1`] = `"<div class=\\"sc-bdvvaa jWEALH\\">Logo + Id</div>"`;
